// Jest Snapshot v1, https://goo.gl/fbAQLP

exports[`Input should render and match snapshot 1`] = `
<WithStyles(ForwardRef(TextField))
  className="MOCK_CLASS"
  id="outlined-basic"
  label="Search"
  onChange={[MockFunction]}
  value="MOCK_VALUE"
  variant="outlined"
/>
`;
